
> property-management-api@1.0.0 test
> jest

Γùç injected env (2) from .env.test // tip: Γùê encrypted .env [www.dotenvx.com]
Jest global setup: running prisma migrate reset for test DB
node.exe : Loaded Prisma config from prisma.config.ts.
At line:1 char:1
+ & "C:\nvm4w\nodejs/node.exe" "C:\nvm4w\nodejs/node_modules/npm/bin/np ...
+ ~~~~~~~~~~~~~~~~~~~~~~~~~~~~~~~~~~~~~~~~~~~~~~~~~~~~~~~~~~~~~~~~~~~~~
    + CategoryInfo          : NotSpecified: (Loaded Prisma c...isma.config.ts.:String) [], RemoteExc 
   eption
    + FullyQualifiedErrorId : NativeCommandError
 


Prisma config detected, skipping environment variable loading.

Prisma schema loaded from prisma\schema.prisma
Datasource "db": PostgreSQL database "property_management_test", schema "public" at "localhost:5432"

Applying migration `20260617191143_init`
Applying migration `20260617195257_add_user`
Applying migration `20260623181016_add_payment_provider_fields`
Applying migration `20260623192949_enterprise_multitenant_schema`
Applying migration `20260625_phase1_foundation`
Applying migration `20260625200330_add_auth_tokens`
Applying migration `20260626_add_shared_infrastructure`
Applying migration `20260626095000_add_organization_module_fields`

Database reset successful

The following migration(s) have been applied:

migrations/
  ΓööΓöÇ 20260617191143_init/
    ΓööΓöÇ migration.sql
  ΓööΓöÇ 20260617195257_add_user/
    ΓööΓöÇ migration.sql
  ΓööΓöÇ 20260623181016_add_payment_provider_fields/
    ΓööΓöÇ migration.sql
  ΓööΓöÇ 20260623192949_enterprise_multitenant_schema/
    ΓööΓöÇ migration.sql
  ΓööΓöÇ 20260625_phase1_foundation/
    ΓööΓöÇ migration.sql
  ΓööΓöÇ 20260625200330_add_auth_tokens/
    ΓööΓöÇ migration.sql
  ΓööΓöÇ 20260626_add_shared_infrastructure/
    ΓööΓöÇ migration.sql
  ΓööΓöÇ 20260626095000_add_organization_module_fields/
    ΓööΓöÇ migration.sql

Running generate... (Use --skip-generate to skip the generators)
[2K[1A[2K[GRunning generate... - Prisma Client
[2K[1A[2K[GΓ£ö Generated Prisma Client (v6.19.3) to .\node_modules\@prisma\client in 472ms

Loaded Prisma config from prisma.config.ts.


Prisma config detected, skipping environment variable loading.

Prisma schema loaded from prisma\schema.prisma

Γ£ö Generated Prisma Client (v6.19.3) to .\node_modules\@prisma\client in 580ms

Start by importing your Prisma Client (See: https://pris.ly/d/importing-client)

Tip: Need your database queries to be 1000x faster? Accelerate offers you that and more: https://pris.ly/tip-2-accelerate

